0
1
0
0
0
0
0.447214
0
0.447214
0.447214
0.447214
0.447214
0.117647
0.411764
0.117647
0.117647
0.117647
0.117647
0.105264
0.473682
0.105264
0.105264
0.105264
0.105264
0.0975615
0.512192
0.0975615
0.0975615
0.0975615
0.0975615
0.0930225
0.534888
0.0930225
0.0930225
0.0930225
0.0930225
