0.5
0.366025
0
0.133975
0
0.633975
0.866025
0.866025
