# Directed graph (each unordered pair of nodes is saved once):
# Example generated by webparser.py
# Nodes: 14 Edges: 20 
# FromNodeId   ToNodeId
2	8
2	9
2	11
3	11
3	9
3	2
3	8
4	6
4	7
4	12
6	4
7	6
7	4
8	11
8	2
8	9
9	8
9	2
11	2
11	8
